Analyzing CiberRadar...                                         

warning - Unused import: 'package:permission_handler/permission_handler.dart' - lib\services\export_service.dart:7:8 - unused_import
   info - Don't invoke 'print' in production code - lib\services\export_service.dart:62:7 - avoid_print
   info - 'desiredAccuracy' is deprecated and shouldn't be used. use settings parameter with AndroidSettings, AppleSettings, WebSettings, or LocationSettings - lib\services\location_service.dart:16:48 - deprecated_member_use
   info - Don't invoke 'print' in production code - lib\services\oui_service.dart:31:7 - avoid_print
   info - Don't invoke 'print' in production code - lib\services\oui_service.dart:33:7 - avoid_print
warning - The value of the local variable 'statuses' isn't used - lib\services\permission_service.dart:13:39 - unused_local_variable
warning - The value of the local variable 'scanGranted' isn't used - lib\services\permission_service.dart:30:10 - unused_local_variable
warning - The value of the field '_isWifiScanning' isn't used - lib\services\scanner_service.dart:12:8 - unused_field
  error - The name 'clearSession' is already defined - lib\services\scanner_service.dart:119:8 - duplicate_definition
   info - The private field _sessionWifiDevices could be 'final' - lib\services\scanner_service.dart:138:19 - prefer_final_fields
   info - The private field _sessionBleDevices could be 'final' - lib\services\scanner_service.dart:139:24 - prefer_final_fields
   info - The private field _isWifiScanning could be 'final' - lib\services\scanner_service.dart:154:8 - prefer_final_fields
warning - The value of the field '_isWifiScanning' isn't used - lib\services\scanner_service.dart:154:8 - unused_field
  error - The name '_isWifiScanning' is already defined - lib\services\scanner_service.dart:154:8 - duplicate_definition
warning - The value of the field '_lastWifiScanTime' isn't used - lib\services\scanner_service.dart:155:13 - unused_field
  error - The name '_lastWifiScanTime' is already defined - lib\services\scanner_service.dart:155:13 - duplicate_definition
  error - The name 'wifiScanInterval' is already defined - lib\services\scanner_service.dart:156:25 - duplicate_definition
  error - The name 'startWifiScan' is already defined - lib\services\scanner_service.dart:158:24 - duplicate_definition
   info - 'magnetometerEvents' is deprecated and shouldn't be used. Use magnetometerEventStream() instead - lib\services\sensor_service.dart:9:12 - deprecated_member_use
warning - Unused import: 'package:geolocator/geolocator.dart' - lib\ui\dashboard_screen.dart:3:8 - unused_import
   info - 'withOpacity' is deprecated and shouldn't be used. Use .withValues() to avoid precision loss - lib\ui\dashboard_screen.dart:112:65 - deprecated_member_use
warning - The value of the field '_progress' isn't used - lib\ui\lan_screen.dart:19:10 - unused_field
   info - 'withOpacity' is deprecated and shouldn't be used. Use .withValues() to avoid precision loss - lib\ui\lan_screen.dart:86:37 - deprecated_member_use
   info - 'withOpacity' is deprecated and shouldn't be used. Use .withValues() to avoid precision loss - lib\ui\lan_screen.dart:151:59 - deprecated_member_use
   info - 'withOpacity' is deprecated and shouldn't be used. Use .withValues() to avoid precision loss - lib\ui\magnetic_screen.dart:70:34 - deprecated_member_use
   info - 'activeColor' is deprecated and shouldn't be used. Use activeThumbColor instead. This feature was deprecated after v3.31.0-2.0.pre - lib\ui\wifi_screen.dart:74:23 - deprecated_member_use
   info - 'withOpacity' is deprecated and shouldn't be used. Use .withValues() to avoid precision loss - lib\ui\wifi_screen.dart:75:57 - deprecated_member_use
  error - The name 'MyApp' isn't a class - test\widget_test.dart:16:35 - creation_with_non_type

